11.470457377420747
12.679100849243095
118.288469284019740
29966.895576135077135
