2
37.020721858115365 0.000000000000000
1.233413878980077 0.000000000000000
-0.627067868547723 -0.959579313119009
-0.627067868547723 0.959579313119009
