7.950770553758976
10.898660377787103
630.050901718483942
29966.895576135077135
