3.166204109836943
1.311469853271061
1706.997141369585506
30006.437989506655867
