57.489243866880152
139.130546863953725
133.262739493747830
29966.895576135077135
