1
-7.731575454878081
0.365787727439040 2.126600613369049
0.365787727439040 -2.126600613369049
